[ofminternational.org/index.html]
[backblue.gif]
[fade.gif]
[index.html]
[gmpg.org/xfn/11.html]
[fonts.googleapis.com/index.html]
[ofminternational.org/feed/index.html]
[ofminternational.org/comments/feed/index.html]
[ofminternational.org/wp-includes/js/jquery/jquery.min5aed.js]
[ofminternational.org/wp-includes/js/jquery/jquery-migrate.min6b00.js]
[ofminternational.org/wp-content/plugins/revslider/public/assets/js/rbtools.min1e39.js]
[ofminternational.org/wp-content/plugins/revslider/public/assets/js/rs6.min1e39.js]
[ofminternational.org/wp-includes/js/dist/vendor/wp-polyfill-inert.min0226.js]
[ofminternational.org/wp-includes/js/dist/vendor/regenerator-runtime.min8fa4.js]
[ofminternational.org/wp-includes/js/dist/vendor/wp-polyfill.min2c7c.js]
[ofminternational.org/wp-includes/js/dist/hooks.min6c65.js]
[ofminternational.org/wp-includes/js/dist/i18n.mine57b.js]
[ofminternational.org/wp-content/plugins/give/assets/dist/js/give82bf.js]
[ofminternational.org/wp-content/themes/kunco/js/bootstrap3781.js]
[ofminternational.org/wp-content/themes/kunco/js/countdown3781.js]
[ofminternational.org/wp-content/themes/kunco/js/count-to3781.js]
[ofminternational.org/wp-content/themes/kunco/js/jquery.appear3781.js]
[ofminternational.org/wp-content/themes/kunco/js/perfect-scrollbar.jquery.min3781.js]
[ofminternational.org/wp-content/themes/kunco/js/owl-carousel/owl.carousel.min3781.js]
[ofminternational.org/wp-content/themes/kunco/js/magnific/jquery.magnific-popup.min3781.js]
[ofminternational.org/wp-content/themes/kunco/js/scroll/jquery.scrollto3781.js]
[ofminternational.org/wp-content/themes/kunco/js/waypoint3781.js]
[ofminternational.org/wp-content/themes/kunco/js/jquery.cookie3781.js]
[ofminternational.org/wp-content/themes/kunco/js/jquery.typer3781.js]
[ofminternational.org/wp-content/themes/kunco/js/jquery.easypiechart.min3781.js]
[ofminternational.org/wp-content/themes/kunco/js/lightgallery/js/lightgallery.min3781.js]
[ofminternational.org/wp-content/themes/kunco/js/main3781.js]
[ofminternational.org/wp-json/index.html]
[ofminternational.org/wp-json/wp/v2/pages/4024.json]
[ofminternational.org/wp-json/oembed/1.0/embed9f11.json]
[ofminternational.org/wp-json/oembed/1.0/embede106]
[ofminternational.org/wp-content/uploads/2021/04/cropped-Call-Action-BG.jpg]
[i0.wp.com/ofminternational.org/wp-content/uploads/2021/01/cropped-24-246867_omega-fire-ministry-logo-hd-png-download-removebg-previewe43b.png]
[i0.wp.com/ofminternational.org/wp-content/uploads/2021/01/cropped-24-246867_omega-fire-ministry-logo-hd-png-download-removebg-preview98d8.png]
[i0.wp.com/ofminternational.org/wp-content/uploads/2021/01/cropped-24-246867_omega-fire-ministry-logo-hd-png-download-removebg-previewf9b5.png]
[ofminternational.org/wp-content/uploads/2021/03/omega.png]
[i0.wp.com/ofminternational.org/wp-content/uploads/2021/03/15.-Teens-Ministry-LS0fd6.jpg]
[i0.wp.com/ofminternational.org/wp-content/uploads/2021/03/9.-agenda-SLIDESHOW-LS1718.jpg]
[i0.wp.com/ofminternational.org/wp-content/uploads/2021/03/5.-Slideshow-the-men-LS0fd6.jpg]
[i0.wp.com/ofminternational.org/wp-content/uploads/2021/03/10.-CRUSADE-SLIDESHOW-LS0fd6.jpg]
[i0.wp.com/ofminternational.org/wp-content/uploads/2021/03/13.-Womens-Ministry-LS0fd6.jpg]
[i0.wp.com/ofminternational.org/wp-content/uploads/2021/03/14.-our-youth-LS0fd6.jpg]
[i0.wp.com/ofminternational.org/wp-content/uploads/2021/03/4.-Slideshow-mandate-LS0fd6.jpg]
[i0.wp.com/ofminternational.org/wp-content/uploads/2021/03/3.-Slideshow-compassion-LS0fd6.jpg]
[i0.wp.com/ofminternational.org/wp-content/uploads/2021/03/2.-Passion-For-Souls-LS0fd6.jpg]
[i0.wp.com/ofminternational.org/wp-content/uploads/2021/03/20.-Missions-LS0fd6.jpg]
[i0.wp.com/ofminternational.org/wp-content/uploads/2021/03/19.-Jerusalem-LS0fd6.jpg]
[i0.wp.com/ofminternational.org/wp-content/uploads/2021/03/omega542f.png]
[i0.wp.com/ofminternational.org/wp-content/uploads/2021/04/Campain9279.jpg]
[i0.wp.com/ofminternational.org/wp-content/uploads/2021/04/the-team9279.jpg]
[i0.wp.com/ofminternational.org/wp-content/uploads/2021/04/agenda9279.jpg]
[i0.wp.com/ofminternational.org/wp-content/uploads/2021/04/pAASION4649.png]
[i0.wp.com/ofminternational.org/wp-content/uploads/2021/04/LIVE35f8.jpg]
[ofminternational.org/join-the-campaign-for-the-crusade/index.html]
[ofminternational.org/the-team-that-makes-the-vision-work/index.html]
[ofminternational.org/the-restoration-agenda/index.html]
[i0.wp.com/ofminternational.org/wp-content/uploads/2021/04/6.-restoration-c35a.jpg]
[i0.wp.com/ofminternational.org/wp-content/uploads/2021/03/5.-Slideshow-the-men-LS6497.jpg]
[ofminternational.org/category/ofm-international/index.html]
[i0.wp.com/ofminternational.org/wp-content/uploads/2021/04/10.-CRUSADE-SLIDESHOW6497.jpg]
[ofminternational.org/restoration-agenda/index.html]
[ofminternational.org/join-the-team-that-makes-the-vision-work/index.html]
[web.facebook.com/plugins/likebox6ebb.html]
[i0.wp.com/ofminternational.org/wp-content/uploads/2021/04/Side-bANNERd7be.png]
[i0.wp.com/ofminternational.org/wp-content/uploads/2021/04/TITHE-slideshow5a84.jpg]
[i0.wp.com/ofminternational.org/wp-content/uploads/2021/04/offering-slideshow0723.jpg]
[i0.wp.com/ofminternational.org/wp-content/uploads/2021/04/crusade-slideshow0723.jpg]
[i0.wp.com/ofminternational.org/wp-content/uploads/2021/04/6.-restoration-7989.jpg]
[i0.wp.com/ofminternational.org/wp-content/uploads/2021/03/5.-Slideshow-the-men-LS7989.jpg]
[i0.wp.com/ofminternational.org/wp-content/uploads/2021/04/10.-CRUSADE-SLIDESHOW7989.jpg]
[ofminternational.org/wp-content/plugins/jetpack/_inc/build/photon/photon.min1c52.js]
[ofminternational.org/wp-content/plugins/gaviasframework/js/gavias.themer.js]
[ofminternational.org/wp-content/plugins/give/assets/dist/js/give-donation-summaryef7d.js]
[stats.wp.com/e-202320.js]
[ofminternational.org/wp-includes/js/imagesloaded.mineda1.js]
[ofminternational.org/wp-includes/js/masonry.min3a05.js]
[ofminternational.org/wp-content/plugins/js_composer/assets/lib/bower/isotope/dist/isotope.pkgd.min31dc.js]
[ofminternational.org/wp-content/plugins/js_composer/assets/js/dist/js_composer_front.min31dc.js]
[ofminternational.org/wp-content/plugins/js_composer/assets/lib/bower/skrollr/dist/skrollr.min31dc.js]
[ofminternational.org/wp-content/plugins/mailchimp-for-wp/assets/js/formscbf4.js]
[ofminternational.org/index.html]
[gmpg.org/xfn/default.css]
[gmpg.org/xfn/.html]
[gmpg.org/xfn/intro.html]
[gmpg.org/xfn/faq.html]
[gmpg.org/xfn/thanks.html]
[gmpg.org/xfn/11.html]
[stats.wp.com/index.html]
[fonts.googleapis.com/index.html]
[i0.wp.com/index.html]
[fonts.gstatic.com/index.html]
[ofminternational.org/feed/index.html]
[ofminternational.org/comments/feed/index.html]
[ofminternational.org/wp-includes/css/dist/block-library/style.min3781.css]
[ofminternational.org/wp-content/plugins/jetpack/jetpack_vendor/automattic/jetpack-videopress/build/block-editor/blocks/video/viewd197.css]
[ofminternational.org/wp-includes/js/mediaelement/mediaelementplayer-legacy.min1f61.css]
[ofminternational.org/wp-includes/js/mediaelement/wp-mediaelement.min3781.css]
[ofminternational.org/wp-includes/css/classic-themes.min3781.css]
[ofminternational.org/wp-content/plugins/give/assets/dist/fonts/icomoon5c45.eot]
[ofminternational.org/wp-content/plugins/give/assets/dist/fonts/icomoon5c45.woff]
[ofminternational.org/wp-content/plugins/give/assets/dist/images/tick.png]
[ofminternational.org/wp-content/plugins/give/assets/dist/images/dankort.png]
[ofminternational.org/wp-content/plugins/give/assets/dist/css/giveef7d.css]
[ofminternational.org/wp-content/plugins/give/assets/dist/css/give-donation-summaryef7d.css]
[ofminternational.org/wp-content/plugins/js_composer/assets/vc/alert.png]
[ofminternational.org/wp-content/plugins/js_composer/assets/vc/info.png]
[ofminternational.org/wp-content/plugins/js_composer/assets/vc/tick.png]
[ofminternational.org/wp-content/plugins/js_composer/assets/vc/exclamation.png]
[ofminternational.org/wp-content/plugins/js_composer/assets/images/icons/address-book.png]
[ofminternational.org/wp-content/plugins/js_composer/assets/images/icons/alarm-clock.png]
[ofminternational.org/wp-content/plugins/js_composer/assets/images/icons/anchor.png]
[ofminternational.org/wp-content/plugins/js_composer/assets/images/icons/application-image.png]
[ofminternational.org/wp-content/plugins/js_composer/assets/images/icons/arrow.png]
[ofminternational.org/wp-content/plugins/js_composer/assets/images/icons/asterisk.png]
[ofminternational.org/wp-content/plugins/js_composer/assets/images/icons/auction-hammer.png]
[ofminternational.org/wp-content/plugins/js_composer/assets/images/icons/balloon.png]
[ofminternational.org/wp-content/plugins/js_composer/assets/images/icons/balloon-buzz.png]
[ofminternational.org/wp-content/plugins/js_composer/assets/images/icons/balloon-facebook.png]
[ofminternational.org/wp-content/plugins/js_composer/assets/images/icons/balloon-twitter.png]
[ofminternational.org/wp-content/plugins/js_composer/assets/images/icons/battery-full.png]
[ofminternational.org/wp-content/plugins/js_composer/assets/images/icons/binocular.png]
[ofminternational.org/wp-content/plugins/js_composer/assets/images/icons/blue-document-excel.png]
[ofminternational.org/wp-content/plugins/js_composer/assets/images/icons/blue-document-image.png]
[ofminternational.org/wp-content/plugins/js_composer/assets/images/icons/blue-document-music.png]
[ofminternational.org/wp-content/plugins/js_composer/assets/images/icons/blue-document-office.png]
[ofminternational.org/wp-content/plugins/js_composer/assets/images/icons/blue-document-pdf.png]
[ofminternational.org/wp-content/plugins/js_composer/assets/images/icons/blue-document-powerpoint.png]
[ofminternational.org/wp-content/plugins/js_composer/assets/images/icons/blue-document-word.png]
[ofminternational.org/wp-content/plugins/js_composer/assets/images/icons/bookmark.png]
[ofminternational.org/wp-content/plugins/js_composer/assets/images/icons/camcorder.png]
[ofminternational.org/wp-content/plugins/js_composer/assets/images/icons/camera.png]
[ofminternational.org/wp-content/plugins/js_composer/assets/images/icons/chart.png]
[ofminternational.org/wp-content/plugins/js_composer/assets/images/icons/chart-pie.png]
[ofminternational.org/wp-content/plugins/js_composer/assets/images/icons/clock.png]
[ofminternational.org/wp-content/plugins/js_composer/assets/images/icons/control.png]
[ofminternational.org/wp-content/plugins/js_composer/assets/images/icons/fire.png]
[ofminternational.org/wp-content/plugins/js_composer/assets/images/icons/heart.png]
[ofminternational.org/wp-content/plugins/js_composer/assets/images/icons/mail.png]
[ofminternational.org/wp-content/plugins/js_composer/assets/images/icons/plus-shield.png]
[ofminternational.org/wp-content/plugins/js_composer/assets/images/icons/video.png]
[ofminternational.org/wp-content/plugins/js_composer/assets/fonts/vc_icons_v2/fonts/vcpb-plugin-iconsb82a.eot]
[ofminternational.org/wp-content/plugins/js_composer/assets/fonts/vc_icons_v2/fonts/vcpb-plugin-iconsb82a.ttf]
[ofminternational.org/wp-content/plugins/js_composer/assets/fonts/vc_icons_v2/fonts/vcpb-plugin-iconsb82a.woff]
[ofminternational.org/wp-content/plugins/js_composer/assets/images/toggle_open.png]
[ofminternational.org/wp-content/plugins/js_composer/assets/images/toggle_close.png]
[ofminternational.org/wp-content/plugins/js_composer/assets/images/flickr.png]
[ofminternational.org/wp-content/plugins/js_composer/assets/fonts/vc_grid/vc_grid_v157a1.eot]
[ofminternational.org/wp-content/plugins/js_composer/assets/fonts/vc_grid/vc_grid_v1d41d.eot]
[ofminternational.org/wp-content/plugins/js_composer/assets/fonts/vc_grid/vc_grid_v157a1.woff]
[ofminternational.org/wp-content/plugins/js_composer/assets/fonts/vc_grid/vc_grid_v157a1.ttf]
[ofminternational.org/wp-content/plugins/js_composer/assets/images/spinner.gif]
[ofminternational.org/wp-content/plugins/js_composer/assets/vc/remove.png]
[ofminternational.org/wp-content/plugins/js_composer/assets/css/js_composer.min31dc.css]
[fonts.gstatic.com/s/opensans/v35/memQYaGs126MiZpBA-UFUIcVXSCEkx2cmqvXlWq8tWZ0Pw86hd0Rk5hkWVAexQ.ttf]
[fonts.gstatic.com/s/opensans/v35/memQYaGs126MiZpBA-UFUIcVXSCEkx2cmqvXlWq8tWZ0Pw86hd0Rk8ZkWVAexQ.ttf]
[fonts.gstatic.com/s/opensans/v35/memQYaGs126MiZpBA-UFUIcVXSCEkx2cmqvXlWq8tWZ0Pw86hd0RkxhjWVAexQ.ttf]
[fonts.gstatic.com/s/opensans/v35/memQYaGs126MiZpBA-UFUIcVXSCEkx2cmqvXlWq8tWZ0Pw86hd0RkyFjWVAexQ.ttf]
[fonts.gstatic.com/s/opensans/v35/memSYaGs126MiZpBA-UvWbX2vVnXBbObj2OVZyOOSr4dVJWUgsiH0B4gaVc.ttf]
[fonts.gstatic.com/s/opensans/v35/memSYaGs126MiZpBA-UvWbX2vVnXBbObj2OVZyOOSr4dVJWUgsjZ0B4gaVc.ttf]
[fonts.gstatic.com/s/opensans/v35/memSYaGs126MiZpBA-UvWbX2vVnXBbObj2OVZyOOSr4dVJWUgsgH1x4gaVc.ttf]
[fonts.gstatic.com/s/opensans/v35/memSYaGs126MiZpBA-UvWbX2vVnXBbObj2OVZyOOSr4dVJWUgsg-1x4gaVc.ttf]
[fonts.googleapis.com/cssf111.css]
[fonts.gstatic.com/s/opensans/v35/memSYaGs126MiZpBA-UvWbX2vVnXBbObj2OVZyOOSr4dVJWUgshZ1x4gaVc.ttf]
[fonts.gstatic.com/s/poppins/v20/pxiEyp8kv8JHgFVrJJfedw.ttf]
[fonts.gstatic.com/s/poppins/v20/pxiByp8kv8JHgFVrLGT9Z1xlEA.ttf]
[fonts.gstatic.com/s/poppins/v20/pxiByp8kv8JHgFVrLEj6Z1xlEA.ttf]
[fonts.googleapis.com/css0b80.css]
[fonts.gstatic.com/s/poppins/v20/pxiByp8kv8JHgFVrLCz7Z1xlEA.ttf]
[ofminternational.org/wp-content/themes/kunco/js/lightgallery/fonts/lgd641.eot]
[ofminternational.org/wp-content/themes/kunco/js/lightgallery/fonts/lgd41d.eot]
[ofminternational.org/wp-content/themes/kunco/js/lightgallery/fonts/lgd641.woff]
[ofminternational.org/wp-content/themes/kunco/js/lightgallery/fonts/lgd641.ttf]
[ofminternational.org/wp-content/themes/kunco/js/lightgallery/img/vimeo-play.png]
[ofminternational.org/wp-content/themes/kunco/js/lightgallery/img/video-play.png]
[ofminternational.org/wp-content/themes/kunco/js/lightgallery/img/youtube-play.png]
[ofminternational.org/wp-content/themes/kunco/js/lightgallery/img/loading.gif]
[ofminternational.org/wp-content/themes/kunco/js/lightgallery/css/lightgallery.min3781.css]
[ofminternational.org/wp-content/themes/kunco/style3781.css]
[ofminternational.org/wp-content/themes/kunco/js/magnific/magnific-popup3781.css]
[ofminternational.org/wp-content/themes/kunco/js/owl-carousel/assets/owl.video.play.png]
[ofminternational.org/wp-content/themes/kunco/js/owl-carousel/assets/owl.carousel3781.css]
[ofminternational.org/wp-content/themes/kunco/fonts/icon/icond046.eot]
[ofminternational.org/wp-content/themes/kunco/fonts/icon/icond046.ttf]
[ofminternational.org/wp-content/themes/kunco/fonts/icon/icond046.woff]
[ofminternational.org/wp-content/themes/kunco/css/icon-custom3781.css]
[ofminternational.org/wp-content/themes/kunco/css/fontawesome/fonts/fontawesome-webfont3e6e.eot]
[ofminternational.org/wp-content/themes/kunco/css/fontawesome/fonts/fontawesome-webfontd41d.eot]
[ofminternational.org/wp-content/themes/kunco/css/fontawesome/fonts/fontawesome-webfont3e6e.woff2]
[ofminternational.org/wp-content/themes/kunco/css/fontawesome/fonts/fontawesome-webfont3e6e.woff]
[ofminternational.org/wp-content/themes/kunco/css/fontawesome/fonts/fontawesome-webfont3e6e.ttf]
[ofminternational.org/wp-content/themes/kunco/css/fontawesome/css/font-awesome.min3781.css]
[ofminternational.org/wp-content/themes/kunco/css/fonts/glyphicons-halflings-regular.cc.delayed]
[ofminternational.org/wp-content/themes/kunco/css/fonts/glyphicons-halflings-regular.cdd41d.delayed]
[ofminternational.org/wp-content/themes/kunco/css/fonts/glyphicons-halflings-regular.ce.delayed]
[ofminternational.org/wp-content/themes/kunco/css/fonts/glyphicons-halflings-regular.cf.delayed]
[ofminternational.org/wp-content/themes/kunco/css/fonts/glyphicons-halflings-regular.d0.delayed]
[ofminternational.org/wp-content/themes/kunco/css/bootstrap7daa.css]
[ofminternational.org/wp-content/themes/kunco/fonts/woocommerce/star.eot]
[ofminternational.org/wp-content/themes/kunco/fonts/woocommerce/stard41d.eot]
[ofminternational.org/wp-content/themes/kunco/fonts/woocommerce/star.woff]
[ofminternational.org/wp-content/themes/kunco/fonts/woocommerce/star.ttf]
[ofminternational.org/wp-content/themes/kunco/fonts/woocommerce/WooCommerce.eot]
[ofminternational.org/wp-content/themes/kunco/fonts/woocommerce/WooCommerced41d.eot]
[ofminternational.org/wp-content/themes/kunco/fonts/woocommerce/WooCommerce.woff]
[ofminternational.org/wp-content/themes/kunco/fonts/woocommerce/WooCommerce.ttf]
[ofminternational.org/wp-content/themes/kunco/images/rating-unactive.png]
[ofminternational.org/wp-content/themes/kunco/images/rating-active.png]
[ofminternational.org/wp-content/themes/kunco/images/ajax-loader.gif]
[ofminternational.org/wp-content/themes/kunco/images/icon-cart.de.delayed]
[ofminternational.org/wp-content/themes/kunco/images/icon-cart-white.df.delayed]
[ofminternational.org/wp-content/themes/kunco/images/plus.png]
[ofminternational.org/wp-content/themes/kunco/images/minium.png]
[ofminternational.org/wp-content/themes/kunco/css/woocommerce7daa.css]
[ofminternational.org/wp-content/themes/kunco/images/toggle_close.e2.delayed]
[ofminternational.org/wp-content/themes/kunco/images/toggle_open.e3.delayed]
[ofminternational.org/wp-content/themes/kunco/images/preloader.gif]
[ofminternational.org/wp-content/themes/kunco/images/icon-play.png]
[ofminternational.org/wp-content/themes/kunco/images/bg-404.jpg]
[ofminternational.org/wp-content/themes/kunco/images/preloader-18.gif]
[ofminternational.org/wp-content/themes/kunco/css/template7daa.css]
[ofminternational.org/wp-content/themes/kunco/css/custom_script3781.css]
[ofminternational.org/wp-content/plugins/jetpack/modules/shortcodes/img/slideshow-controls.png]
[ofminternational.org/wp-content/plugins/jetpack/modules/shortcodes/img/slideshow-controls-2x.png]
[ofminternational.org/wp-content/plugins/jetpack/modules/shortcodes/images/slide-nav.png]
[ofminternational.org/wp-content/plugins/jetpack/modules/shortcodes/images/expand.png]
[ofminternational.org/wp-content/plugins/jetpack/modules/shortcodes/images/collapse.png]
[secure.gravatar.com/images/grav-share-sprite.png]
[ofminternational.org/wp-content/plugins/jetpack/css/jetpackc87b.css]
[ofminternational.org/wp-json/wp/v2/pages/4161.json]
[ofminternational.org/wp-json/oembed/1.0/embed3a73.json]
[ofminternational.org/wp-json/oembed/1.0/embedbf70]
[i0.wp.com/ofminternational.org/wp-content/uploads/2021/04/cropped-Call-Action-BG96d1.jpg]
[i0.wp.com/ofminternational.org/wp-content/uploads/2021/04/10.-CRUSADE-SLIDESHOW0723.jpg]
[ofminternational.org/join-the-campaign-for-the-crusade/index.html]
[ofminternational.org/wp-json/wp/v2/pages/4162.json]
[ofminternational.org/wp-json/oembed/1.0/embedf9f9.json]
[ofminternational.org/wp-json/oembed/1.0/embed2d06]
[i0.wp.com/ofminternational.org/wp-content/uploads/2021/04/meet4649.jpg]
[ofminternational.org/the-team-that-makes-the-vision-work/index.html]
[ofminternational.org/wp-json/wp/v2/pages/4180.json]
[ofminternational.org/wp-json/oembed/1.0/embedc17d.json]
[ofminternational.org/wp-json/oembed/1.0/embed29ce]
[i0.wp.com/ofminternational.org/wp-content/uploads/2021/04/res.-agena-4649.png]
[ofminternational.org/the-restoration-agenda/index.html]
[ofminternational.org/wp-json/wp/v2/categories/29.json]
[ofminternational.org/category/ofm-international/feed/index.html]
[i0.wp.com/ofminternational.org/wp-content/uploads/2021/04/6.-restoration-1ef2.jpg]
[i0.wp.com/ofminternational.org/wp-content/uploads/2021/03/5.-Slideshow-the-men-LS2606.jpg]
[ofminternational.org/category/ofm-international/index.html]
[ofminternational.org/wp-json/wp/v2/posts/4196.json]
[ofminternational.org/restoration-agenda/feed/index.html]
[ofminternational.org/wp-json/oembed/1.0/embedb737.json]
[ofminternational.org/wp-json/oembed/1.0/embedb241]
[ofminternational.org/wp-includes/js/comment-reply.min3781.js]
[ofminternational.org/restoration-agenda/index.html]
[ofminternational.org/wp-json/wp/v2/posts/4186.json]
[ofminternational.org/join-the-team-that-makes-the-vision-work/feed/index.html]
[ofminternational.org/wp-json/oembed/1.0/embedb8de.json]
[ofminternational.org/wp-json/oembed/1.0/embedc76a]
[ofminternational.org/join-the-team-that-makes-the-vision-work/index.html]
[web.facebook.com/plugins/likebox2024.html]
[static.xx.fbcdn.net/rsrc.php/v3/yp/l/0,cross/0bwvt0bsqIF1f8e.css]
[static.xx.fbcdn.net/rsrc.php/v3/yj/l/0,cross/fhHgiUU1UEw1f8e.css]
[static.xx.fbcdn.net/rsrc.php/v3/yF/l/0,cross/OddrI9NOuB_1f8e.css]
[static.xx.fbcdn.net/rsrc.php/v3/yf/l/0,cross/xUCu69_VoIG1f8e.css]
[static.xx.fbcdn.net/rsrc.php/v3/yx/l/0,cross/SegIw8zniGI1f8e.css]
[static.xx.fbcdn.net/rsrc.php/v3/ys/l/0,cross/t7QfvbYkC6v1f8e.css]
[static.xx.fbcdn.net/rsrc.php/v3/yh/l/0,cross/-FLA8FVQchU1f8e.css]
[static.xx.fbcdn.net/rsrc.php/v3/yx/r/z1rgw_ywh9V1f8e.js]
[static.xx.fbcdn.net/rsrc.php/v3/y7/r/pPTF-F46psn1f8e.js]
[static.xx.fbcdn.net/rsrc.php/v3/yk/r/ZM3L49TYQh31f8e.js]
[static.xx.fbcdn.net/rsrc.php/v3/yv/r/GG1Y0sYc7My1f8e.js]
[static.xx.fbcdn.net/rsrc.php/v3/yF/r/p55HfXW__mM1f8e.js]
[static.xx.fbcdn.net/rsrc.php/v3iLl54/yT/l/en_GB/JGyP8Jcxgh51f8e.js]
[static.xx.fbcdn.net/rsrc.php/v3/y_/r/6sjusI84m_H1f8e.js]
[static.xx.fbcdn.net/rsrc.php/v3/yo/r/T3z7kLt9wUd1f8e.js]
[static.xx.fbcdn.net/rsrc.php/v3i7244/yX/l/en_GB/PCjTVjBuPVs1f8e.js]
[static.xx.fbcdn.net/rsrc.php/v3ibcU4/yF/l/en_GB/7yrFj6puK501f8e.js]
[static.xx.fbcdn.net/rsrc.php/v3/yb/r/0gG258I2Fba1f8e.js]
[static.xx.fbcdn.net/rsrc.php/v3/y6/r/SGz4eMZs48K1f8e.js]
[static.xx.fbcdn.net/rsrc.php/v3iFe24/y0/l/en_GB/bxjZcYwLUdd1f8e.js]
[scontent.fabv2-1.fna.fbcdn.net/v/t39.30808-6/337686219_1385489672263082_5978125474761852469_n8713.jpg]
[scontent.fabv2-2.fna.fbcdn.net/v/t39.30808-1/224154723_371655330989083_2254613987254431168_nd2cc.jpg]
[scontent.fabv2-2.fna.fbcdn.net/v/t39.30808-6/348608316_174474838608430_2020325020561384653_n1727.jpg]
[scontent.fabv2-1.fna.fbcdn.net/v/t15.5256-10/348309026_760274429093073_6442061632624465406_nc547.jpg]
[web.facebook.com/plugins/_https_/static.xx.fbcdn.net/images/emoji.php/v9/tf1/1/16/1f4af.html]
[scontent.fabv2-1.fna.fbcdn.net/v/t39.30808-6/348597823_3082166398743555_1761391654367684823_ne999.jpg]
[web.facebook.com/plugins/_https_/static.xx.fbcdn.net/images/emoji.php/v9/t5d/1/16/26a1.html]
[web.facebook.com/plugins/_https_/static.xx.fbcdn.net/images/emoji.php/v9/t50/1/16/1f525.html]
[web.facebook.com/plugins/_https_/static.xx.fbcdn.net/images/emoji.php/v9/t5c/1/16/1f5d3.html]
[scontent.fabv2-2.fna.fbcdn.net/v/t39.30808-6/347139854_3359581584354668_1266166982455779719_n0cba.jpg]
[scontent.fabv2-1.fna.fbcdn.net/v/t39.30808-6/348719615_499824175603593_8665607678670416633_nbf55.jpg]
[scontent.fabv2-2.fna.fbcdn.net/v/t39.30808-6/347226693_1203799580292063_496408251184160164_n2012.jpg]
[scontent.fabv2-2.fna.fbcdn.net/v/t39.30808-6/348666356_769986644655225_6938139919315269360_n8f69.jpg]
[web.facebook.com/plugins/_https_/static.xx.fbcdn.net/images/emoji.php/v9/tbf/1/16/1f647_200d_2640.html]
[scontent.fabv2-1.fna.fbcdn.net/v/t15.5256-10/338003730_796407408344737_1587106049350546236_n2d6e.jpg]
[web.facebook.com/plugins/theaustralian.com.html]
[web.facebook.com/plugins/news.com.html]
[web.facebook.com/plugins/kollosche.com.html]
[web.facebook.com/plugins/awstrack.html]
[web.facebook.com/plugins/likebox6ebb.html]
[web.facebook.com/plugins/u_0_1r_H.html]
[fonts.googleapis.com/cssa443.css]
[gmpg.org/xfn/default.css]
[gmpg.org/xfn/join.html]
[gmpg.org/xfn/index.html]
[fonts.gstatic.com/s/roboto/v30/KFOmCnqEu92Fr1Mu4mxP.ttf]
[gmpg.org/xfn/background.html]
[gmpg.org/xfn/tools.html]
[gmpg.org/xfn/helping.html]
[gmpg.org/xfn/feedback.html]
[gmpg.org/xfn/and/index.html]
[gmpg.org/xfn/creator.html]
[gmpg.org/xfn/more.html]
[gmpg.org/xfn/press.html]
[gmpg.org/xfn/index-2.html]
[gmpg.org/xfn/.html]
[gmpg.org/xfn/pix/intro/five-met.gif]
[gmpg.org/xfn/pix/intro/five-acqfr.gif]
[gmpg.org/xfn/pix/intro/five-prof.gif]
[gmpg.org/xfn/pix/intro/five-lovefam.gif]
[gmpg.org/xfn/intro.html]
[gmpg.org/xfn/faq.html]
[gmpg.org/xfn/thanks.html]
[ofminternational.org/wp-includes/js/mediaelement/mejs-controls.svg]
[ofminternational.org/wp-content/plugins/revslider/public/assets/fonts/revicons/revicons90c6.eot]
[ofminternational.org/wp-content/plugins/revslider/public/assets/fonts/revicons/revicons90c6.woff]
[ofminternational.org/wp-content/plugins/revslider/public/assets/fonts/revicons/revicons90c6.ttf]
[ofminternational.org/wp-content/plugins/revslider/public/assets/assets/gridtile.png]
[ofminternational.org/wp-content/plugins/revslider/public/assets/assets/gridtile_white.png]
[ofminternational.org/wp-content/plugins/revslider/public/assets/assets/gridtile_3x3.png]
[ofminternational.org/wp-content/plugins/revslider/public/assets/assets/gridtile_3x3_white.png]
[ofminternational.org/wp-content/plugins/revslider/public/assets/assets/coloredbg.png]
[ofminternational.org/wp-content/plugins/revslider/public/assets/assets/loader.gif]
[ofminternational.org/wp-content/plugins/revslider/public/assets/css/rs61e39.css]
[ofminternational.org/wp-content/plugins/give/assets/dist/fonts/icomoon5c45.svg]
[ofminternational.org/wp-content/plugins/give/assets/dist/images/visa.svg]
[ofminternational.org/wp-content/plugins/give/assets/dist/images/mastercard.svg]
[ofminternational.org/wp-content/plugins/give/assets/dist/images/discover.svg]
[ofminternational.org/wp-content/plugins/give/assets/dist/images/amex.svg]
[ofminternational.org/wp-content/plugins/give/assets/dist/images/maestro.svg]
[ofminternational.org/wp-content/plugins/give/assets/dist/images/diners-club.svg]
[ofminternational.org/wp-content/plugins/give/assets/dist/images/jcb.svg]
[ofminternational.org/wp-content/plugins/give/assets/dist/images/unionpay.svg]
[ofminternational.org/wp-content/plugins/js_composer/assets/fonts/vc_icons_v2/fonts/vcpb-plugin-iconsb82a.svg]
[ofminternational.org/wp-content/plugins/js_composer/assets/vc/blur.svg]
[ofminternational.org/wp-content/plugins/js_composer/assets/fonts/vc_grid/vc_grid_v157a1.svg]
[ofminternational.org/wp-content/themes/kunco/js/lightgallery/fonts/lgd641.svg]
[ofminternational.org/wp-content/themes/kunco/fonts/icon/icond046.svg]
[ofminternational.org/wp-content/themes/kunco/css/fontawesome/fonts/fontawesome-webfont3e6e.svg]
[ofminternational.org/wp-content/themes/kunco/css/fonts/glyphicons-halflings-regular.html]
[ofminternational.org/wp-content/themes/kunco/css/fonts/glyphicons-halflings-regulard41d.html]
[ofminternational.org/wp-content/themes/kunco/css/fonts/glyphicons-halflings-regular-2.html]
[ofminternational.org/wp-content/themes/kunco/css/fonts/glyphicons-halflings-regular-3.html]
[ofminternational.org/wp-content/themes/kunco/css/fonts/glyphicons-halflings-regular-4.html]
[ofminternational.org/wp-content/themes/kunco/fonts/woocommerce/star.svg]
[ofminternational.org/wp-content/themes/kunco/fonts/woocommerce/WooCommerce.svg]
[ofminternational.org/wp-content/themes/kunco/images/icon-cart.html]
[ofminternational.org/wp-content/themes/kunco/images/icon-cart-white.html]
[ofminternational.org/wp-content/themes/kunco/images/toggle_close.html]
[ofminternational.org/wp-content/themes/kunco/images/toggle_open.html]
[ofminternational.org/wp-includes/wlwmanifest.xml]
[ofminternational.org/indexbcd9.html]
[ofminternational.org/index0266.html]
[ofminternational.org/index823e.html]
[ofminternational.org/index4252.html]
[ofminternational.org/index72bc.html]
[fonts.gstatic.com/s/opensans/v35/memQYaGs126MiZpBA-UFUIcVXSCEkx2cmqvXlWq8tWZ0Pw86hd0Rk0ZjWVAexQ.ttf]
[scontent.fabv2-1.fna.fbcdn.net/v/t39.30808-6/337686219_1385489672263082_5978125474761852469_n624c.jpg]
[scontent.fabv2-1.fna.fbcdn.net/v/t39.30808-1/224154723_371655330989083_2254613987254431168_n1e3d.jpg]
[scontent.fabv2-2.fna.fbcdn.net/v/t39.30808-6/348608316_174474838608430_2020325020561384653_nffa3.jpg]
[scontent.fabv2-1.fna.fbcdn.net/v/t15.5256-10/348309026_760274429093073_6442061632624465406_n268a.jpg]
[scontent.fabv2-1.fna.fbcdn.net/v/t39.30808-6/348597823_3082166398743555_1761391654367684823_n84c2.jpg]
[scontent.fabv2-2.fna.fbcdn.net/v/t39.30808-6/347139854_3359581584354668_1266166982455779719_n375b.jpg]
[scontent.fabv2-1.fna.fbcdn.net/v/t39.30808-6/348719615_499824175603593_8665607678670416633_nd2ad.jpg]
[scontent.fabv2-2.fna.fbcdn.net/v/t39.30808-6/347226693_1203799580292063_496408251184160164_n2f4d.jpg]
[scontent.fabv2-2.fna.fbcdn.net/v/t39.30808-6/348666356_769986644655225_6938139919315269360_nec84.jpg]
[scontent.fabv2-1.fna.fbcdn.net/v/t15.5256-10/338003730_796407408344737_1587106049350546236_n99b4.jpg]
[web.facebook.com/plugins/likebox2024.html]
[web.facebook.com/plugins/u_0_1p_7.html]
[static.xx.fbcdn.net/rsrc.php/v3/yL/r/unHwF9CkMyM.png]
[static.xx.fbcdn.net/rsrc.php/v3/y7/r/jn6HLoCu4Wf.png]
[static.xx.fbcdn.net/rsrc.php/v3/yx/r/re1hPxQECWj.png]
[static.xx.fbcdn.net/rsrc.php/v3/yC/r/ortYaUZXr2w.png]
[static.xx.fbcdn.net/rsrc.php/v3/yp/l/0,cross/0bwvt0bsqIF1f8e.css]
[static.xx.fbcdn.net/rsrc.php/v3/yN/r/sFwkyVeh1iU.png]
[static.xx.fbcdn.net/rsrc.php/v3/yH/r/xgVgalBG80z.png]
[static.xx.fbcdn.net/rsrc.php/v3/yD/r/MKQzjVd1bVq.png]
[static.xx.fbcdn.net/rsrc.php/v3/yA/r/lHmjAzNKBcg.png]
[static.xx.fbcdn.net/rsrc.php/v3/y-/r/AGUNXgX_Wx3.gif]
[static.xx.fbcdn.net/rsrc.php/v3/yG/r/b53Ajb4ihCP.gif]
[static.xx.fbcdn.net/rsrc.php/v3/yw/r/UXtr_j2Fwe-.png]
[static.xx.fbcdn.net/rsrc.php/v3/yG/r/_5lpr8iPamZ.png]
[static.xx.fbcdn.net/rsrc.php/v3/yP/r/rG6LRbgZLdh.png]
[static.xx.fbcdn.net/rsrc.php/v3/yZ/r/ZAO1v5eiW2t.png]
[static.xx.fbcdn.net/rsrc.php/v3/yM/r/W0Wz32AgV1T.png]
[static.xx.fbcdn.net/rsrc.php/v3/yt/r/k97xZlFQHPr.png]
[static.xx.fbcdn.net/rsrc.php/v3/yO/r/-n2EEpY319P.png]
[static.xx.fbcdn.net/rsrc.php/v3/y_/r/xwzfzPWeEjB.png]
[static.xx.fbcdn.net/rsrc.php/v3/yY/r/3So84A7PMEC.png]
[static.xx.fbcdn.net/rsrc.php/v3/yJ/r/e7aXEkbb4kk.png]
[static.xx.fbcdn.net/rsrc.php/v3/ys/r/z1G5MY4v8Fj.png]
[static.xx.fbcdn.net/rsrc.php/v3/yK/r/up1C5fq8cHp.png]
[static.xx.fbcdn.net/rsrc.php/v3/yR/r/K2XDjYMWyag.png]
[static.xx.fbcdn.net/rsrc.php/v3/ya/r/WAEhp8i2mEX.png]
[static.xx.fbcdn.net/rsrc.php/v3/yj/l/0,cross/fhHgiUU1UEw1f8e.css]
[static.xx.fbcdn.net/rsrc.php/v3/yh/r/ZiBc8mVo9_f.png]
[static.xx.fbcdn.net/rsrc.php/v3/yF/l/0,cross/OddrI9NOuB_1f8e.css]
[static.xx.fbcdn.net/rsrc.php/v3/yy/r/qGoWo6gBwwP.png]
[static.xx.fbcdn.net/rsrc.php/v3/yf/l/0,cross/xUCu69_VoIG1f8e.css]
[static.xx.fbcdn.net/rsrc.php/v3/yx/l/0,cross/SegIw8zniGI1f8e.css]
[static.xx.fbcdn.net/rsrc.php/v3/yt/r/ag-Kz-WMvnK.png]
[static.xx.fbcdn.net/rsrc.php/v3/yJ/r/GeDnuL6fruy.png]
[static.xx.fbcdn.net/rsrc.php/v3/ye/r/XtmIvUsTaru.png]
[static.xx.fbcdn.net/rsrc.php/v3/yN/r/LW0MdURtWli.png]
[static.xx.fbcdn.net/rsrc.php/v3/ys/l/0,cross/t7QfvbYkC6v1f8e.css]
[static.xx.fbcdn.net/rsrc.php/v3/yA/r/Fv-bQxEv6kK.png]
[static.xx.fbcdn.net/rsrc.php/v3/yB/r/EU2x0hi-QFH.png]
[static.xx.fbcdn.net/rsrc.php/v3/y4/r/QOFjfcjcWK_.png]
[static.xx.fbcdn.net/rsrc.php/v3/yJ/r/b6RDpw4fV9A.png]
[static.xx.fbcdn.net/rsrc.php/v3/y4/r/ytUs3WPn1AX.png]
[static.xx.fbcdn.net/rsrc.php/v3/y-/r/YKrk9dHubT9.png]
[static.xx.fbcdn.net/rsrc.php/v3/ya/r/TxjdZE1d6fP.png]
[static.xx.fbcdn.net/rsrc.php/v3/yC/r/YsTqTJm_W3c.png]
[static.xx.fbcdn.net/rsrc.php/v3/yw/r/jItpTBQdzvr.png]
[static.xx.fbcdn.net/rsrc.php/v3/yN/r/jd6SBanyJCa.png]
[static.xx.fbcdn.net/rsrc.php/v3/yp/r/Z13v8_NRRxZ.png]
[static.xx.fbcdn.net/rsrc.php/v3/yb/r/UDY30jJb92i.png]
[static.xx.fbcdn.net/rsrc.php/v3/y6/r/WrFN2rviL8E.png]
[static.xx.fbcdn.net/rsrc.php/v3/yQ/r/9guHVqGJPdu.png]
[static.xx.fbcdn.net/rsrc.php/v3/yE/r/NkOhQJwt60-.png]
[static.xx.fbcdn.net/rsrc.php/v3/yR/r/4prlUtt9UkG.png]
[static.xx.fbcdn.net/rsrc.php/v3/yu/r/TxSFhko6f9I.png]
[static.xx.fbcdn.net/rsrc.php/v3/yH/r/YqAAAXOU0jI.png]
[static.xx.fbcdn.net/rsrc.php/v3/yW/r/aqCDcIVsg_n.png]
[static.xx.fbcdn.net/rsrc.php/v3/yh/l/0,cross/-FLA8FVQchU1f8e.css]
[web.facebook.com/plugins/Edg/index.html]
[web.facebook.com/plugins/Chrome/index.html]
[web.facebook.com/plugins/Firefox/index.html]
[static.xx.fbcdn.net/rsrc.php/v3/y7/r/pPTF-F46psn1f8e.js]
[web.facebook.com/plugins/GET.html]
[web.facebook.com/plugins/Safari/index.html]
[web.facebook.com/plugins/Version/index.html]
[web.facebook.com/plugins/CriOS/index.html]
[web.facebook.com/plugins/chrome-extension_/index.html]
[static.xx.fbcdn.net/rsrc.php/v3/yx/r/z1rgw_ywh9V1f8e.js]
[static.xx.fbcdn.net/rsrc.php/v3/yk/r/ZM3L49TYQh31f8e.js]
[static.xx.fbcdn.net/rsrc.php/v3/yv/r/GG1Y0sYc7My1f8e.js]
[web.facebook.com/plugins/Style.html]
[static.xx.fbcdn.net/rsrc.php/v3/yF/r/p55HfXW__mM1f8e.js]
[static.xx.fbcdn.net/rsrc.php/v3iLl54/yT/l/en_GB/JGyP8Jcxgh51f8e.js]
[static.xx.fbcdn.net/rsrc.php/v3/y_/r/6sjusI84m_H1f8e.js]
[static.xx.fbcdn.net/rsrc.php/v3/yo/r/T3z7kLt9wUd1f8e.js]
[web.facebook.com/plugins/^([^_/indexd41d.html]
[web.facebook.com/plugins/l/index.html]
[web.facebook.com/plugins/ABCDEFGHIJKLMNOPQRSTUVWXYZabcdefghijklmnopqrstuvwxyz0123456789+/index.html]
[static.xx.fbcdn.net/rsrc.php/v3i7244/yX/l/en_GB/PCjTVjBuPVs1f8e.js]
[static.xx.fbcdn.net/rsrc.php/v3ibcU4/yF/l/en_GB/7yrFj6puK501f8e.js]
[static.xx.fbcdn.net/rsrc.php/v3/yb/r/0gG258I2Fba1f8e.js]
[web.facebook.com/plugins/BootloadedReact.html]
[web.facebook.com/plugins/channel/index.html]
[web.facebook.com/plugins/$&/index.html]
[scontent.xx.fbcdn.net/hads-ak-prn2/1487645_6012475414660_1439393861_n.png]
[static.xx.fbcdn.net/rsrc.php/v3/y6/r/SGz4eMZs48K1f8e.js]
[static.xx.fbcdn.net/rsrc.php/v3iFe24/y0/l/en_GB/bxjZcYwLUdd1f8e.js]
[web.facebook.com/plugins/_https_/static.xx.fbcdn.net/images/emoji.php/v9/tf1/1/16/1f4af.html]
[web.facebook.com/plugins/_https_/static.xx.fbcdn.net/images/emoji.php/v9/t5d/1/16/26a1.html]
[web.facebook.com/plugins/_https_/static.xx.fbcdn.net/images/emoji.php/v9/t50/1/16/1f525.html]
[web.facebook.com/plugins/_https_/static.xx.fbcdn.net/images/emoji.php/v9/t5c/1/16/1f5d3.html]
[web.facebook.com/plugins/_https_/static.xx.fbcdn.net/images/emoji.php/v9/tbf/1/16/1f647_200d_2640.html]
[web.facebook.com/plugins/theaustralian.com.html]
[web.facebook.com/plugins/news.com.html]
[web.facebook.com/plugins/kollosche.com.html]
[web.facebook.com/plugins/awstrack.html]
[web.facebook.com/plugins/u_0_1r_H.html]
[gmpg.org/xfn/index.html]
[gmpg.org/xfn/1.html]
[gmpg.org/xfn/xfn-btn.gif]
[gmpg.org/xfn/join.html]
[gmpg.org/xfn/background.html]
[gmpg.org/xfn/creator-fr.html]
[gmpg.org/xfn/creator-it.html]
[gmpg.org/xfn/creator-es.html]
[gmpg.org/xfn/creator-nl.html]
[gmpg.org/xfn/creator-cs.html]
[gmpg.org/xfn/creator-ja.html]
[gmpg.org/xfn/tools.html]
[gmpg.org/xfn/pix/mememememe.png]
[gmpg.org/xfn/and/foaf.html]
[gmpg.org/xfn/and/index.html]
[gmpg.org/xfn/helping.html]
[gmpg.org/xfn/feedback.html]
[gmpg.org/xfn/creator.html]
[gmpg.org/xfn/and/index-2.html]
[gmpg.org/xfn/xfn-mini.gif]
[gmpg.org/xfn/more.html]
[gmpg.org/xfn/press.html]
[gmpg.org/xfn/index-2.html]
[ofminternational.org/wp-content/plugins/contact-form-7/includes/css/stylescfaa.html]
[ofminternational.org/wp-content/plugins/revslider/public/assets/fonts/revicons/revicons90c6.svg]
[ofminternational.org/wp-content/plugins/revslider/public/assets/css/openhand.html]
[ofminternational.org/wp-content/plugins/revslider/public/assets/css/closedhand.html]
[ofminternational.org/xmlrpc0db0.html]
[web.facebook.com/plugins/u_0_1p_7.html]
[web.facebook.com/plugins/Firefox/index.html]
[web.facebook.com/plugins/Edg/index.html]
[web.facebook.com/plugins/Chrome/index.html]
[web.facebook.com/plugins/CriOS/index.html]
[web.facebook.com/plugins/Safari/index.html]
[web.facebook.com/plugins/Version/index.html]
[web.facebook.com/plugins/chrome-extension_/index.html]
[web.facebook.com/plugins/^([^_/indexd41d.html]
[web.facebook.com/plugins/GET.html]
[web.facebook.com/plugins/Style.html]
[web.facebook.com/plugins/ABCDEFGHIJKLMNOPQRSTUVWXYZabcdefghijklmnopqrstuvwxyz0123456789+/index.html]
[web.facebook.com/plugins/l/index.html]
[web.facebook.com/plugins/BootloadedReact.html]
[web.facebook.com/plugins/$&/index.html]
[web.facebook.com/plugins/channel/index.html]
[ofminternational.org/wp-content/plugins/contact-form-7/includes/swv/js/indexcfaa.html]
[ofminternational.org/wp-content/plugins/contact-form-7/includes/js/indexcfaa.js]
[gmpg.org/xfn/1.html]
[gmpg.org/xfn/creator-fr.html]
[gmpg.org/xfn/creator-it.html]
[gmpg.org/xfn/creator-es.html]
[gmpg.org/xfn/creator-nl.html]
[gmpg.org/xfn/creator-cs.html]
[gmpg.org/xfn/creator-ja.html]
[gmpg.org/xfn/and/foaf.html]
[gmpg.org/xfn/and/index-2.html]
[gmpg.org/xfn/count.css]
[junk.metafilter.com/xfn.gif]
